==================== 2026-05-26T16:40:41.269911Z | 019e6528-ebf8-79b0-b4c1-b0755a53126f ====================
16:40:41.281202 [info ]: Installing dbt project and profile setup
16:40:41.390546 [info ]: Info Created .vscode/extensions.json with dbt extension recommendation
16:40:41.397352 [info ]: Success Project created successfully!
16:40:41.398141 [info ]: Info Project name: jaffle_shop
16:40:41.398551 [info ]: Info Project directory: jaffle_shop
16:40:41.399362 [info ]: Info Setting up your profile...
16:40:41.409104 [info ]: Loading ~/.dbt/profiles.yml
16:40:41.460700 [info ]: Profile 'jaffle_shop' already exists. You can choose how to proceed.
16:41:19.300931 [info ]: Info Editing existing profile...
16:41:23.173053 [info ]: Editing existing profile - skipping cloud config fetch
16:47:26.069775 [info ]: Info Backup created at C:\Users\vanch\.dbt\profiles.yml.bkp
16:47:26.096322 [info ]: Success Profile written to C:\Users\vanch\.dbt\profiles.yml
16:47:26.101627 [info ]: Validating profile inputs, adapters, and connection

16:47:26.103950 [info ]: dbt-fusion 2.0.0-preview.170
16:47:26.120146 [info ]: Started loading project
16:47:26.254624 [info ]: Loading ~/.dbt/profiles.yml
16:47:26.281447 [info ]: Finished loading project [  0.16s]
16:47:26.292264 [info ]: Started debugging
16:47:26.292670 [info ]: Debugging profile: dev
16:47:26.293288 [info ]: Debugging dbt version: 2.0.0-preview.170
16:47:26.294169 [info ]: Debugging platform: windows x86_64 (windows)
16:47:26.295744 [info ]: Debugging adapter type: snowflake (remote)
16:47:26.405348 [info ]: Debugging dependencies:
  git: OK
16:47:26.417240 [info ]: Debugging connection:
  "client_session_keep_alive": false,
  "account": "VXMDQDY-MT25638",
  "user": "john_doe",
  "database": "DEMO1",
  "warehouse": "COMPUTE_WH",
  "schema": "RAW",
  "role": "analyst_role"
16:47:26.433887 [warn ]: dbt1005: For Snowflake keypair authentication, 'password' will be ignored and can be safely removed from your profile.
16:47:26.443104 [info ]: Finished debugging [  0.15s]
16:47:26.448557 [error]: dbt1011: dbt was unable to connect to the specified database.
The following error was returned:

Configuration Error: Private key file not found: 'snowflake_rsa_key.PEM'

Check your database credentials and try again. For more information, visit:
https://docs.getdbt.com/docs/core/connect-data-platform/connection-profiles
16:47:27.240521 [info ]: New version available 2.0.0-preview.177 (run `dbt system update`)
16:47:27.271608 [info ]: 
==================== Execution Summary =====================
Finished 'init' with 1 warning and 1 error for target 'dev' [6m 46s]
==================== 2026-05-26T16:48:08.521084Z | 019e652f-bf42-74c0-88e8-6a068c08b3ab ====================
16:48:08.521410 [info ]: Installing dbt project and profile setup
16:48:08.529671 [info ]: Warning Directory 'jaffle_shop' already exists, using 'jaffle_shop_1' instead
16:48:08.621656 [info ]: Info Created .vscode/extensions.json with dbt extension recommendation
16:48:08.622919 [info ]: Success Project created successfully!
16:48:08.624379 [info ]: Info Project name: jaffle_shop_1
16:48:08.626306 [info ]: Info Project directory: jaffle_shop_1
16:48:08.627083 [info ]: Info Setting up your profile...
16:48:08.628838 [info ]: Loading ~/.dbt/profiles.yml
16:48:08.632428 [info ]: Info Creating new profile...
16:48:11.242961 [info ]: No dbt_cloud.yml found - proceeding without cloud pre-population
16:50:02.497215 [info ]: Success Profile written to C:\Users\vanch\.dbt\profiles.yml
16:50:02.497938 [info ]: Validating profile inputs, adapters, and connection

16:50:02.498412 [info ]: dbt-fusion 2.0.0-preview.170
16:50:02.501014 [info ]: Started loading project
16:50:02.505797 [info ]: Loading ~/.dbt/profiles.yml
16:50:02.525850 [info ]: Finished loading project [  0.02s]
16:50:02.526630 [info ]: Started debugging
16:50:02.527073 [info ]: Debugging profile: dev
16:50:02.527595 [info ]: Debugging dbt version: 2.0.0-preview.170
16:50:02.528068 [info ]: Debugging platform: windows x86_64 (windows)
16:50:02.528548 [info ]: Debugging adapter type: snowflake (remote)
16:50:02.663341 [info ]: Debugging dependencies:
  git: OK
16:50:02.664332 [info ]: Debugging connection:
  "account": "VXMDQDY-MT25638",
  "user": "john_doe",
  "database": "DEMO1",
  "warehouse": "COMPUTE_WH",
  "schema": "RAW",
  "role": "analyst_role"
16:50:04.535884 [debug]: Query executed on node unknown:
select 1 as id
16:50:04.545362 [info ]: Debugging connection test: OK
16:50:04.546042 [info ]: Debugged All checks passed!
16:50:04.546909 [info ]: Finished debugging [  2.02s]
16:50:05.278757 [info ]: New version available 2.0.0-preview.177 (run `dbt system update`)
16:50:05.447151 [info ]: 
==================== Execution Summary =====================
Finished 'init' successfully for target 'dev' [1m 57s]
{"data":{"log_version":3,"version":"=2.0.0-preview.170"},"info":{"category":"","code":"A001","extra":{},"invocation_id":"019e81b0-19a1-7062-81e1-9b3357a4d15b","level":"info","msg":"Running with dbt-fusion=2.0.0-preview.170","name":"MainReportVersion","pid":29352,"thread":"tokio-rt-worker","ts":"2026-06-01T05:37:42.444141Z"}}
{"data":{"args":{"debug":"false","invocation_command":"C:\\Users\\vanch\\.local\\bin\\dbt.exe license info --json --log-format json","log_format":"json","quiet":"false","write_json":"true"}},"info":{"category":"","code":"A002","extra":{},"invocation_id":"019e81b0-19a1-7062-81e1-9b3357a4d15b","level":"debug","msg":"running dbt-fusion with argumets {\"command\":\"license\",\"vars\":\"{}\",\"limit\":\"10\",\"debug\":false,\"log_format\":\"json\",\"quiet\":false,\"write_json\":true,\"write_catalog\":false}","name":"MainReportArgs","pid":29352,"thread":"tokio-rt-worker","ts":"2026-06-01T05:37:42.444178Z"}}
{"data":{},"info":{"category":"","code":"","extra":{},"invocation_id":"019e81b0-19a1-7062-81e1-9b3357a4d15b","level":"debug","msg":"No active cloud project configured, skipping remote license","name":"Generic","pid":29352,"thread":"tokio-rt-worker","ts":"2026-06-01T05:37:42.477741Z"}}
{"data":{"columns":[],"is_inline":true,"node_name":"license_info","output_format":"json","preview":"{\n  \"status\": \"not_found\",\n  \"licensing_enabled\": true\n}","unique_id":"license.info"},"info":{"category":"","code":"Q041","extra":{},"invocation_id":"019e81b0-19a1-7062-81e1-9b3357a4d15b","level":"info","msg":"{\n  \"status\": \"not_found\",\n  \"licensing_enabled\": true\n}","name":"ShowNode","pid":29352,"thread":"tokio-rt-worker","ts":"2026-06-01T05:37:42.481554Z"}}
{"data":{"completed_at":"2026-06-01T05:37:48.433552Z","elapsed":5.998848915100098,"success":true},"info":{"category":"","code":"Q039","extra":{},"invocation_id":"019e81b0-19a1-7062-81e1-9b3357a4d15b","level":"info","msg":"\n==================== Execution Summary =====================\nFinished 'license' successfully [6.0s]","name":"CommandCompleted","pid":29352,"thread":"tokio-rt-worker","ts":"2026-06-01T05:37:48.557742Z"}}
==================== 2026-06-01T06:09:20.628746Z | 019e81cd-10f0-7e53-ae18-06010c64c55b ====================
06:09:20.629805 [info ]: Installing dbt project and profile setup
06:09:20.714112 [info ]: Info Created .vscode/extensions.json with dbt extension recommendation
06:09:20.719809 [info ]: Success Project created successfully!
06:09:20.720339 [info ]: Info Project name: jaffle_shop
06:09:20.720707 [info ]: Info Project directory: jaffle_shop
06:09:20.721027 [info ]: Info Setting up your profile...
06:09:20.722085 [info ]: Loading ~/.dbt/profiles.yml
06:09:20.723465 [info ]: Profile 'jaffle_shop' already exists. You can choose how to proceed.
06:09:28.159578 [info ]: Info Profile setup cancelled.
06:09:28.160945 [info ]: Validating profile inputs, adapters, and connection

06:09:28.161278 [info ]: dbt-fusion 2.0.0-preview.170
06:09:28.164619 [info ]: Started loading project
06:09:28.183965 [info ]: Loading ~/.dbt/profiles.yml
06:09:28.188713 [info ]: Finished loading project [  0.02s]
06:09:28.189839 [info ]: Started debugging
06:09:28.190198 [info ]: Debugging profile: dev
06:09:28.190329 [info ]: Debugging dbt version: 2.0.0-preview.170
06:09:28.190529 [info ]: Debugging platform: windows x86_64 (windows)
06:09:28.190663 [info ]: Debugging adapter type: snowflake (remote)
06:09:28.234894 [info ]: Debugging dependencies:
  git: OK
06:09:28.237084 [info ]: Debugging connection:
  "client_session_keep_alive": false,
  "account": "VXMDQDY-MT25638",
  "user": "john_doe",
  "database": "DEMO1",
  "warehouse": "COMPUTE_WH",
  "schema": "RAW",
  "role": "analyst_role"
06:09:28.237624 [warn ]: dbt1005: For Snowflake keypair authentication, 'password' will be ignored and can be safely removed from your profile.
06:09:28.239274 [info ]: Finished debugging [  0.05s]
06:09:28.240905 [error]: dbt1011: dbt was unable to connect to the specified database.
The following error was returned:

Configuration Error: Private key file not found: 'snowflake_rsa_key.PEM'

Check your database credentials and try again. For more information, visit:
https://docs.getdbt.com/docs/core/connect-data-platform/connection-profiles
06:09:29.037679 [info ]: New version available 2.0.0-preview.180 (run `dbt system update`)
06:09:29.214068 [info ]: 
==================== Execution Summary =====================
Finished 'init' with 1 warning and 1 error for target 'dev' [8.6s]
==================== 2026-06-01T06:17:00.653127Z | 019e81d4-15ea-7a11-9e7f-2e496b36c290 ====================
06:17:00.653287 [info ]: Installing dbt project and profile setup
06:17:00.699135 [info ]: Info Created .vscode/extensions.json with dbt extension recommendation
06:17:00.699655 [info ]: Success Project created successfully!
06:17:00.699913 [info ]: Info Project name: jaffle_shop
06:17:00.700134 [info ]: Info Project directory: jaffle_shop
06:17:00.700289 [info ]: Info Setting up your profile...
06:17:00.700923 [info ]: Loading ~/.dbt/profiles.yml
06:17:00.701737 [info ]: Profile 'jaffle_shop' already exists. You can choose how to proceed.
06:17:35.195334 [info ]: Info Creating new profile...
{"data":{"log_version":3,"version":"=2.0.0-preview.170"},"info":{"category":"","code":"A001","extra":{},"invocation_id":"019e8be5-e9ef-7c63-8322-af5557297c86","level":"info","msg":"Running with dbt-fusion=2.0.0-preview.170","name":"MainReportVersion","pid":34332,"thread":"tokio-rt-worker","ts":"2026-06-03T05:12:41.320825Z"}}
{"data":{"args":{"debug":"false","invocation_command":"C:\\Users\\vanch\\.local\\bin\\dbt.exe license info --json --log-format json","log_format":"json","quiet":"false","write_json":"true"}},"info":{"category":"","code":"A002","extra":{},"invocation_id":"019e8be5-e9ef-7c63-8322-af5557297c86","level":"debug","msg":"running dbt-fusion with argumets {\"command\":\"license\",\"vars\":\"{}\",\"limit\":\"10\",\"debug\":false,\"log_format\":\"json\",\"quiet\":false,\"write_json\":true,\"write_catalog\":false}","name":"MainReportArgs","pid":34332,"thread":"tokio-rt-worker","ts":"2026-06-03T05:12:41.320964Z"}}
{"data":{},"info":{"category":"","code":"","extra":{},"invocation_id":"019e8be5-e9ef-7c63-8322-af5557297c86","level":"debug","msg":"No active cloud project configured, skipping remote license","name":"Generic","pid":34332,"thread":"tokio-rt-worker","ts":"2026-06-03T05:12:41.368186Z"}}
{"data":{"columns":[],"is_inline":true,"node_name":"license_info","output_format":"json","preview":"{\n  \"status\": \"not_found\",\n  \"licensing_enabled\": true\n}","unique_id":"license.info"},"info":{"category":"","code":"Q041","extra":{},"invocation_id":"019e8be5-e9ef-7c63-8322-af5557297c86","level":"info","msg":"{\n  \"status\": \"not_found\",\n  \"licensing_enabled\": true\n}","name":"ShowNode","pid":34332,"thread":"tokio-rt-worker","ts":"2026-06-03T05:12:41.379306Z"}}
{"data":{"completed_at":"2026-06-03T05:12:42.517326Z","elapsed":1.2050718069076538,"success":true},"info":{"category":"","code":"Q039","extra":{},"invocation_id":"019e8be5-e9ef-7c63-8322-af5557297c86","level":"info","msg":"\n==================== Execution Summary =====================\nFinished 'license' successfully [1.2s]","name":"CommandCompleted","pid":34332,"thread":"tokio-rt-worker","ts":"2026-06-03T05:12:42.544487Z"}}
==================== 2026-06-03T05:15:02.609854Z | 019e8be8-123f-7e90-abee-d5ebabe07e80 ====================
05:15:02.616828 [info ]: Installing dbt project and profile setup
05:15:02.726857 [info ]: Info Created .vscode/extensions.json with dbt extension recommendation
05:15:02.733806 [info ]: Success Project created successfully!
05:15:02.734422 [info ]: Info Project name: jaffle_shop
05:15:02.734878 [info ]: Info Project directory: jaffle_shop
05:15:02.735513 [info ]: Info Setting up your profile...
05:15:02.738868 [info ]: Loading ~/.dbt/profiles.yml
05:15:02.743233 [info ]: Profile 'jaffle_shop' already exists. You can choose how to proceed.
05:15:36.516080 [info ]: Info Profile setup cancelled.
05:15:36.517943 [info ]: Validating profile inputs, adapters, and connection

05:15:36.518752 [info ]: dbt-fusion 2.0.0-preview.170
05:15:36.523818 [info ]: Started loading project
05:15:36.550671 [info ]: Loading ~/.dbt/profiles.yml
05:15:36.557913 [info ]: Finished loading project [  0.03s]
05:15:36.560575 [info ]: Started debugging
05:15:36.561285 [info ]: Debugging profile: dev
05:15:36.561708 [info ]: Debugging dbt version: 2.0.0-preview.170
05:15:36.561955 [info ]: Debugging platform: windows x86_64 (windows)
05:15:36.562723 [info ]: Debugging adapter type: snowflake (remote)
05:15:36.613977 [info ]: Debugging dependencies:
  git: OK
05:15:36.616381 [info ]: Debugging connection:
  "client_session_keep_alive": false,
  "account": "VXMDQDY-MT25638",
  "user": "john_doe",
  "database": "DEMO1",
  "warehouse": "COMPUTE_WH",
  "schema": "RAW",
  "role": "analyst_role"
05:15:36.618411 [warn ]: dbt1005: For Snowflake keypair authentication, 'password' will be ignored and can be safely removed from your profile.
05:15:36.624107 [info ]: Finished debugging [  0.06s]
05:15:36.625674 [error]: dbt1011: dbt was unable to connect to the specified database.
The following error was returned:

Configuration Error: Private key file not found: 'snowflake_rsa_key.PEM'

Check your database credentials and try again. For more information, visit:
https://docs.getdbt.com/docs/core/connect-data-platform/connection-profiles
05:15:37.427677 [info ]: New version available 2.0.0-preview.183 (run `dbt system update`)
05:15:37.612014 [info ]: 
==================== Execution Summary =====================
Finished 'init' with 1 warning and 1 error for target 'dev' [35.0s]
